{
  "@context": {
    "@vocab": "https://schema.org/",
    "ml": "http://mlcommons.org/schema/"
  },
  "@type": "Dataset",
  "@language": "en",
  "name": "anneal",
  "description": "**Author**: Unknown. Donated by David Sterling and Wray Buntine  \n\n**Source**: [UCI](https://archive.ics.uci.edu/ml/datasets/Annealing) - 1990  \n\n**Please cite**: [UCI](https://archive.ics.uci.edu/ml/citation_policy.html)  \n\n\n\nThe original Annealing dataset from UCI. The exact meaning of the features and classes is largely unknown. Annealing, in metallurgy and materials science, is a heat treatment that alters the physical and sometimes chemical properties of a material to increase its ductility and reduce its hardness, making it more workable. It involves heating a material to above its recrystallization temperature, maintaining a suitable temperature, and then cooling. (Wikipedia)\n\n\n\n### Attribute Information:\n\n     1. family:          --,GB,GK,GS,TN,ZA,ZF,ZH,ZM,ZS\n\n     2. product-type:    C, H, G\n\n     3. steel:           -,R,A,U,K,M,S,W,V\n\n     4. carbon:          continuous\n\n     5. hardness:        continuous\n\n     6. temper_rolling:  -,T\n\n     7. condition:       -,S,A,X\n\n     8. formability:     -,1,2,3,4,5\n\n     9. strength:        continuous\n\n    10. non-ageing:      -,N\n\n    11. surface-finish:  P,M,-\n\n    12. surface-quality: -,D,E,F,G\n\n    13. enamelability:   -,1,2,3,4,5\n\n    14. bc:              Y,-\n\n    15. bf:              Y,-\n\n    16. bt:              Y,-\n\n    17. bw/me:           B,M,-\n\n    18. bl:              Y,-\n\n    19. m:               Y,-\n\n    20. chrom:           C,-\n\n    21. phos:            P,-\n\n    22. cbond:           Y,-\n\n    23. marvi:           Y,-\n\n    24. exptl:           Y,-\n\n    25. ferro:           Y,-\n\n    26. corr:            Y,-\n\n    27. blue/bright/varn/clean:          B,R,V,C,-\n\n    28. lustre:          Y,-\n\n    29. jurofm:          Y,-\n\n    30. s:               Y,-\n\n    31. p:               Y,-\n\n    32. shape:           COIL, SHEET\n\n    33. thick:           continuous\n\n    34. width:           continuous\n\n    35. len:             continuous\n\n    36. oil:             -,Y,N\n\n    37. bore:            0000,0500,0600,0760\n\n    38. packing: -,1,2,3\n\n    classes:        1,2,3,4,5,U\n\n  \n\n    -- The '-' values are actually 'not_applicable' values rather than\n\n       'missing_values' (and so can be treated as legal discrete\n\n       values rather than as showing the absence of a discrete value).",
  "version": "1",
  "creator": [
    {
      "@context": "https://schema.org",
      "@type": "Person",
      "name": "David Sterling"
    },
    {
      "@context": "https://schema.org",
      "@type": "Person",
      "name": "Wray Buntine"
    }
  ],
  "contributor": {
    "@context": "https://schema.org",
    "@type": "Person",
    "name": "David Sterling and Wray Buntine"
  },
  "dateCreated": "2014-04-06T23:19:24",
  "dateModified": "2019-07-09T15:22:03",
  "datePublished": "1990-01-01",
  "inLanguage": "en",
  "isAccessibleForFree": true,
  "creativeWorkStatus": "active",
  "keywords": [
    "study_1",
    "study_14",
    "study_34",
    "study_37",
    "study_41",
    "study_70",
    "study_76",
    "test",
    "uci"
  ],
  "citation": "https://archive.ics.uci.edu/ml/citation_policy.html",
  "sameAs": "https://archive.ics.uci.edu/ml/datasets/Annealing",
  "url": "https://www.openml.org/api/v1/json/data/2",
  "distribution": [
    {
      "name": "anneal_parquet",
      "@type": "FileObject",
      "contentUrl": "http://openml1.win.tue.nl/dataset2/dataset_2.pq",
      "encodingFormat": "application/vnd.apache.parquet"
    },
    {
      "name": "anneal_arff",
      "@type": "FileObject",
      "contentUrl": "https://api.openml.org/data/v1/download/1666876/anneal.arff",
      "encodingFormat": "text/plain"
    }
  ],
  "recordSet": [
    {
      "name": "anneal",
      "@type": "ml:RecordSet",
      "source": "#{anneal_parquet}",
      "key": ["#{anneal_parquet/family}", "#{anneal_parquet/product_type}"],
      "field": [
        {
          "name": "family",
          "@type": "ml:Field",
          "dataType": "Text",
          "source": "#{anneal_parquet/family}"
        },
        {
          "name": "product-type",
          "@type": "ml:Field",
          "dataType": "Text",
          "source": "#{anneal_parquet/product_type}"
        },
        {
          "name": "steel",
          "@type": "ml:Field",
          "dataType": "Text",
          "source": "#{anneal_parquet/steel}"
        },
        {
          "name": "carbon",
          "@type": "ml:Field",
          "dataType": "Number",
          "source": "#{anneal_parquet/carbon}"
        },
        {
          "name": "hardness",
          "@type": "ml:Field",
          "dataType": "Number",
          "source": "#{anneal_parquet/hardness}"
        },
        {
          "name": "temper_rolling",
          "@type": "ml:Field",
          "dataType": "Text",
          "source": "#{anneal_parquet/temper_rolling}"
        },
        {
          "name": "condition",
          "@type": "ml:Field",
          "dataType": "Text",
          "source": "#{anneal_parquet/condition}"
        },
        {
          "name": "formability",
          "@type": "ml:Field",
          "dataType": "Text",
          "source": "#{anneal_parquet/formability}"
        },
        {
          "name": "strength",
          "@type": "ml:Field",
          "dataType": "Number",
          "source": "#{anneal_parquet/strength}"
        },
        {
          "name": "non-ageing",
          "@type": "ml:Field",
          "dataType": "Text",
          "source": "#{anneal_parquet/non_ageing}"
        },
        {
          "name": "surface-finish",
          "@type": "ml:Field",
          "dataType": "Text",
          "source": "#{anneal_parquet/surface_finish}"
        },
        {
          "name": "surface-quality",
          "@type": "ml:Field",
          "dataType": "Text",
          "source": "#{anneal_parquet/surface_quality}"
        },
        {
          "name": "enamelability",
          "@type": "ml:Field",
          "dataType": "Text",
          "source": "#{anneal_parquet/enamelability}"
        },
        {
          "name": "bc",
          "@type": "ml:Field",
          "dataType": "Text",
          "source": "#{anneal_parquet/bc}"
        },
        {
          "name": "bf",
          "@type": "ml:Field",
          "dataType": "Text",
          "source": "#{anneal_parquet/bf}"
        },
        {
          "name": "bt",
          "@type": "ml:Field",
          "dataType": "Text",
          "source": "#{anneal_parquet/bt}"
        },
        {
          "name": "bw%2Fme",
          "@type": "ml:Field",
          "dataType": "Text",
          "source": "#{anneal_parquet/bw_2Fme}"
        },
        {
          "name": "bl",
          "@type": "ml:Field",
          "dataType": "Text",
          "source": "#{anneal_parquet/bl}"
        },
        {
          "name": "m",
          "@type": "ml:Field",
          "dataType": "Text",
          "source": "#{anneal_parquet/m}"
        },
        {
          "name": "chrom",
          "@type": "ml:Field",
          "dataType": "Text",
          "source": "#{anneal_parquet/chrom}"
        },
        {
          "name": "phos",
          "@type": "ml:Field",
          "dataType": "Text",
          "source": "#{anneal_parquet/phos}"
        },
        {
          "name": "cbond",
          "@type": "ml:Field",
          "dataType": "Text",
          "source": "#{anneal_parquet/cbond}"
        },
        {
          "name": "marvi",
          "@type": "ml:Field",
          "dataType": "Text",
          "source": "#{anneal_parquet/marvi}"
        },
        {
          "name": "exptl",
          "@type": "ml:Field",
          "dataType": "Text",
          "source": "#{anneal_parquet/exptl}"
        },
        {
          "name": "ferro",
          "@type": "ml:Field",
          "dataType": "Text",
          "source": "#{anneal_parquet/ferro}"
        },
        {
          "name": "corr",
          "@type": "ml:Field",
          "dataType": "Text",
          "source": "#{anneal_parquet/corr}"
        },
        {
          "name": "blue%2Fbright%2Fvarn%2Fclean",
          "@type": "ml:Field",
          "dataType": "Text",
          "source": "#{anneal_parquet/blue_2Fbright_2Fvarn_2Fclean}"
        },
        {
          "name": "lustre",
          "@type": "ml:Field",
          "dataType": "Text",
          "source": "#{anneal_parquet/lustre}"
        },
        {
          "name": "jurofm",
          "@type": "ml:Field",
          "dataType": "Text",
          "source": "#{anneal_parquet/jurofm}"
        },
        {
          "name": "s",
          "@type": "ml:Field",
          "dataType": "Text",
          "source": "#{anneal_parquet/s}"
        },
        {
          "name": "p",
          "@type": "ml:Field",
          "dataType": "Text",
          "source": "#{anneal_parquet/p}"
        },
        {
          "name": "shape",
          "@type": "ml:Field",
          "dataType": "Text",
          "source": "#{anneal_parquet/shape}"
        },
        {
          "name": "thick",
          "@type": "ml:Field",
          "dataType": "Number",
          "source": "#{anneal_parquet/thick}"
        },
        {
          "name": "width",
          "@type": "ml:Field",
          "dataType": "Number",
          "source": "#{anneal_parquet/width}"
        },
        {
          "name": "len",
          "@type": "ml:Field",
          "dataType": "Number",
          "source": "#{anneal_parquet/len}"
        },
        {
          "name": "oil",
          "@type": "ml:Field",
          "dataType": "Text",
          "source": "#{anneal_parquet/oil}"
        },
        {
          "name": "bore",
          "@type": "ml:Field",
          "dataType": "Text",
          "source": "#{anneal_parquet/bore}"
        },
        {
          "name": "packing",
          "@type": "ml:Field",
          "dataType": "Text",
          "source": "#{anneal_parquet/packing}"
        },
        {
          "name": "class",
          "@type": "ml:Field",
          "dataType": "Text",
          "source": "#{anneal_parquet/class}"
        }
      ]
    }
  ]
}
